Microchip MPLAB XC8 Compiler V2.41

Linker command line:

-W-3 \
  --edf=C:\Program Files\Microchip\xc8\v2.41\pic\dat\20230208172133_en.msgs \
  -cn -h+dist/default/production\lcd_i2c.X.production.sym \
  --cmf=dist/default/production\lcd_i2c.X.production.cmf -z -Q18F25K22 \
  -oC:\Users\sudar\AppData\Local\Temp\xcAs2so.\driver_tmp_3.o \
  --defsym=__MPLAB_BUILD=1 --fixupoverflow=error \
  -Mdist/default/production/lcd_i2c.X.production.map \
  --md=C:\Users\sudar\AppData\Local\Temp\xcAs2so.\driver_tmp_0.dat -E1 \
  -ver=XC8 Compiler --acfsm=1493 -ACODE=00h-07FFFh -ACONST=00h-07FFFh \
  -ASMALLCONST=0600h-06FFhx122 -AMEDIUMCONST=0600h-07FFFh -ACOMRAM=01h-05Fh \
  -AABS1=00h-05FFh -ABIGRAM=01h-05FFh -ARAM=060h-0FFh,0100h-01FFhx5 \
  -ABANK0=060h-0FFh -ABANK1=0100h-01FFh -ABANK2=0200h-02FFh \
  -ABANK3=0300h-03FFh -ABANK4=0400h-04FFh -ABANK5=0500h-05FFh \
  -ASFR=0F38h-0F5Fh,0F60h-0FFFh -ABIGSFR=0F38h-0FFFh \
  -ACONFIG=0300000h-030000Dh -AIDLOC=0200000h-0200007h \
  -AEEDATA=0F00000h-0F000FFh -peeprom_data=EEDATA \
  -preset_vec=00h,intcode,intcodelo,powerup,init -pramtop=0600h \
  -psmallconst=SMALLCONST -pmediumconst=MEDIUMCONST -pconst=CONST \
  -AFARRAM=00h-00h \
  -prdata=COMRAM,nvrram=COMRAM,nvbit=COMRAM,rbss=COMRAM,rbit=COMRAM \
  -pfarbss=FARRAM,fardata=FARRAM,nvFARRAM=FARRAM \
  -pintsave_regs=BIGRAM,bigbss=BIGRAM,bigdata=BIGRAM -pbss=RAM \
  -pidata=CODE,irdata=CODE,ibigdata=CODE,ifardata=CODE -prparam=COMRAM \
  C:\Users\sudar\AppData\Local\Temp\xcAs2so.\driver_tmp_9.o \
  dist/default/production\lcd_i2c.X.production.o 

Object code version is 3.11

Machine type is 18F25K22



                Name                               Link     Load   Length Selector   Space Scale
C:\Users\sudar\AppData\Local\Temp\xcAs2so.\driver_tmp_9.o
                idloc                            200000   200000        8        0       5
                config                           300000   300000        E        0       4
                init                                  0        0        4        0       0
dist/default/production\lcd_i2c.X.production.o
                idloc                            200000   200000        8        0       5
                config                           300000   300000        E        0       4
                smallconst                          600      600        E      300       0
                text11                              878      878       18      307       0
                text10                              85E      85E       1A      307       0
                text9                               8A4      8A4       14      307       0
                text8                               890      890       14      307       0
                text7                               844      844       1A      307       0
                text6                               7D2      7D2       20      307       0
                text5                               82A      82A       1A      307       0
                text4                               60E      60E       BE      307       0
                text3                               6CC      6CC       6A      307       0
                text2                               810      810       1A      307       0
                text1                               736      736       56      307       0
                text0                               78C      78C       46      307       0
                cstackCOMRAM                          1        1        A        1       1
                dataCOMRAM                            D        D        1        1       1
                bssCOMRAM                             C        C        1        1       1
                cinit                               7F2      7F2       1E      307       0
                nvCOMRAM                              B        B        1        1       1
                idataCOMRAM                         8B8      8B8        1      307       0

TOTAL           Name                               Link     Load   Length     Space
        CLASS   CODE           
                init                                  0        0        4         0
                text11                              878      878       18         0
                text10                              85E      85E       1A         0
                text9                               8A4      8A4       14         0
                text8                               890      890       14         0
                text7                               844      844       1A         0
                text6                               7D2      7D2       20         0
                text5                               82A      82A       1A         0
                text4                               60E      60E       BE         0
                text3                               6CC      6CC       6A         0
                text2                               810      810       1A         0
                text1                               736      736       56         0
                text0                               78C      78C       46         0
                cinit                               7F2      7F2       1E         0
                idataCOMRAM                         8B8      8B8        1         0

        CLASS   CONST          

        CLASS   SMALLCONST     
                smallconst                          600      600        E         0

        CLASS   MEDIUMCONST    

        CLASS   COMRAM         
                cstackCOMRAM                          1        1        A         1
                dataCOMRAM                            D        D        1         1
                bssCOMRAM                             C        C        1         1
                nvCOMRAM                              B        B        1         1

        CLASS   ABS1           

        CLASS   BIGRAM         

        CLASS   RAM            

        CLASS   BANK0          

        CLASS   BANK1          

        CLASS   BANK2          

        CLASS   BANK3          

        CLASS   BANK4          

        CLASS   BANK5          

        CLASS   SFR            

        CLASS   BIGSFR         

        CLASS   CONFIG         
                config                           300000   300000        E         4

        CLASS   IDLOC          
                idloc                            200000   200000        8         5

        CLASS   EEDATA         

        CLASS   FARRAM         

        CLASS   HEAP           

        CLASS   STACK          



SEGMENTS        Name                           Load    Length   Top    Selector   Space  Class

                reset_vec                      000000  000004  000004         0       0  CODE    
                cstackCOMRAM                   000001  00000D  00000E         1       1  COMRAM  
                smallconst                     000600  00000E  00060E       300       0  SMALLCON
                text4                          00060E  0002AB  0008B9       307       0  CODE    


UNUSED ADDRESS RANGES

        Name                Unused          Largest block    Delta
        BANK0            000060-0000FF               A0
        BANK1            000100-0001FF              100
        BANK2            000200-0002FF              100
        BANK3            000300-0003FF              100
        BANK4            000400-0004FF              100
        BANK5            000500-0005FF              100
        BIGRAM           00000E-0005FF              5F2
        BIGSFR           000F38-000FFF               C8
        CODE             000004-0005FF              5FC
                         0008B9-007FFF             7747
        COMRAM           00000E-00005F               52
        CONST            000004-0005FF              5FC
                         0008B9-007FFF             7747
        EEDATA           F00000-F000FF              100
        MEDIUMCONST      0008B9-007FFF             7747
        RAM              000060-0005FF              100
        SFR              000F38-000FFF               28
        SMALLCONST       0008B9-007FFF              100

                                  Symbol Table

I2C2_Send@BYTE             cstackCOMRAM 000001
IO_Expander_Write@Data     cstackCOMRAM 000002
LCD_CMD@CMD                cstackCOMRAM 000004
LCD_Init@I2C_Add           cstackCOMRAM 000006
LCD_Set_Cursor@COL         cstackCOMRAM 000005
LCD_Set_Cursor@ROW         cstackCOMRAM 000008
LCD_Write_4Bit@Nibble      cstackCOMRAM 000003
LCD_Write_Char@Data        cstackCOMRAM 000004
LCD_Write_String@Str       cstackCOMRAM 000005
LCD_Write_String@i         cstackCOMRAM 000009
_ANSELBbits                (abs)        000F39
_BackLight_State           dataCOMRAM   00000D
_I2C2_Init                 text11       000878
_I2C2_Send                 text10       00085E
_I2C2_Start                text9        0008A4
_I2C2_Stop                 text8        000890
_IO_Expander_Write         text7        000844
_LCD_CMD                   text5        00082A
_LCD_Init                  text4        00060E
_LCD_Set_Cursor            text3        0006CC
_LCD_Write_4Bit            text6        0007D2
_LCD_Write_Char            text2        000810
_LCD_Write_String          text1        000736
_OSCCON                    (abs)        000FD3
_OSCTUNE                   (abs)        000F9B
_PIR3bits                  (abs)        000FA4
_RS                        bssCOMRAM    00000C
_SSP2ADD                   (abs)        000F6E
_SSP2BUF                   (abs)        000F6F
_SSP2CON1                  (abs)        000F6C
_SSP2CON2bits              (abs)        000F6B
_SSP2STAT                  (abs)        000F6D
_TRISBbits                 (abs)        000F93
__HRAM                     (abs)        000000
__H__absolute__            __absolute__ 000000
__Habs1                    abs1         000000
__Hbank0                   bank0        000000
__Hbank1                   bank1        000000
__Hbank2                   bank2        000000
__Hbank3                   bank3        000000
__Hbank4                   bank4        000000
__Hbank5                   bank5        000000
__Hbigbss                  bigbss       000000
__Hbigdata                 bigdata      000000
__Hbigram                  bigram       000000
__Hbigsfr                  bigsfr       000000
__Hbss                     bss          000000
__HbssCOMRAM               bssCOMRAM    000000
__Hcinit                   cinit        000000
__Hclrtext                 clrtext      000000
__Hcomram                  comram       000000
__Hconfig                  config       30000E
__Hconst                   const        000000
__HcstackCOMRAM            cstackCOMRAM 000000
__Hdata                    data         000000
__HdataCOMRAM              dataCOMRAM   000000
__Heeprom_data             eeprom_data  000000
__Hfarbss                  farbss       000000
__Hfardata                 fardata      000000
__Hheap                    heap         000000
__Hibigdata                ibigdata     000000
__Hidata                   idata        000000
__HidataCOMRAM             idataCOMRAM  000000
__Hidloc                   idloc        200008
__Hifardata                ifardata     000000
__Hinit                    init         000004
__Hintcode                 intcode      000000
__Hintcode_body            intcode_body 000000
__Hintcodelo               intcodelo    000000
__Hintentry                intentry     000000
__Hintret                  intret       000000
__Hintsave_regs            intsave_regs 000000
__Hirdata                  irdata       000000
__Hmediumconst             mediumconst  000000
__HnvCOMRAM                nvCOMRAM     000000
__HnvFARRAM                nvFARRAM     000000
__Hnvbit                   nvbit        000000
__Hnvrram                  nvrram       000000
__Hparam                   rparam       000000
__Hpowerup                 powerup      000000
__Hram                     ram          000000
__Hramtop                  ramtop       000600
__Hrbit                    rbit         000000
__Hrbss                    rbss         000000
__Hrdata                   rdata        000000
__Hreset_vec               reset_vec    000000
__Hrparam                  rparam       000000
__Hsfr                     sfr          000000
__Hsmallconst              smallconst   00060E
__Hspace_0                 (abs)        0008B9
__Hspace_1                 (abs)        00000E
__Hspace_2                 (abs)        000000
__Hspace_4                 (abs)        60000E
__Hstack                   stack        000000
__Hstruct                  struct       000000
__Htemp                    temp         000000
__Htext                    text         000000
__Htext0                   text0        000000
__Htext1                   text1        000000
__Htext10                  text10       000000
__Htext11                  text11       000000
__Htext2                   text2        000000
__Htext3                   text3        000000
__Htext4                   text4        000000
__Htext5                   text5        000000
__Htext6                   text6        000000
__Htext7                   text7        000000
__Htext8                   text8        000000
__Htext9                   text9        000000
__LRAM                     (abs)        000001
__L__absolute__            __absolute__ 000000
__Labs1                    abs1         000000
__Lbank0                   bank0        000000
__Lbank1                   bank1        000000
__Lbank2                   bank2        000000
__Lbank3                   bank3        000000
__Lbank4                   bank4        000000
__Lbank5                   bank5        000000
__Lbigbss                  bigbss       000000
__Lbigdata                 bigdata      000000
__Lbigram                  bigram       000000
__Lbigsfr                  bigsfr       000000
__Lbss                     bss          000000
__LbssCOMRAM               bssCOMRAM    000000
__Lcinit                   cinit        000000
__Lclrtext                 clrtext      000000
__Lcomram                  comram       000000
__Lconfig                  config       000000
__Lconst                   const        000000
__LcstackCOMRAM            cstackCOMRAM 000000
__Ldata                    data         000000
__LdataCOMRAM              dataCOMRAM   000000
__Leeprom_data             eeprom_data  000000
__Lfarbss                  farbss       000000
__Lfardata                 fardata      000000
__Lheap                    heap         000000
__Libigdata                ibigdata     000000
__Lidata                   idata        000000
__LidataCOMRAM             idataCOMRAM  000000
__Lidloc                   idloc        000000
__Lifardata                ifardata     000000
__Linit                    init         000000
__Lintcode                 intcode      000000
__Lintcode_body            intcode_body 000000
__Lintcodelo               intcodelo    000000
__Lintentry                intentry     000000
__Lintret                  intret       000000
__Lintsave_regs            intsave_regs 000000
__Lirdata                  irdata       000000
__Lmediumconst             mediumconst  000000
__LnvCOMRAM                nvCOMRAM     000000
__LnvFARRAM                nvFARRAM     000000
__Lnvbit                   nvbit        000000
__Lnvrram                  nvrram       000000
__Lparam                   rparam       000000
__Lpowerup                 powerup      000000
__Lram                     ram          000000
__Lramtop                  ramtop       000600
__Lrbit                    rbit         000000
__Lrbss                    rbss         000000
__Lrdata                   rdata        000000
__Lreset_vec               reset_vec    000000
__Lrparam                  rparam       000000
__Lsfr                     sfr          000000
__Lsmallconst              smallconst   000600
__Lspace_0                 (abs)        000000
__Lspace_1                 (abs)        000000
__Lspace_2                 (abs)        000000
__Lspace_4                 (abs)        000000
__Lstack                   stack        000000
__Lstruct                  struct       000000
__Ltemp                    temp         000000
__Ltext                    text         000000
__Ltext0                   text0        000000
__Ltext1                   text1        000000
__Ltext10                  text10       000000
__Ltext11                  text11       000000
__Ltext2                   text2        000000
__Ltext3                   text3        000000
__Ltext4                   text4        000000
__Ltext5                   text5        000000
__Ltext6                   text6        000000
__Ltext7                   text7        000000
__Ltext8                   text8        000000
__Ltext9                   text9        000000
__S0                       (abs)        0008B9
__S1                       (abs)        00000E
__S4                       (abs)        000000
__S5                       (abs)        000000
___heap_hi                 (abs)        000000
___heap_lo                 (abs)        000000
___inthi_sp                stack        000000
___intlo_sp                stack        000000
___param_bank              (abs)        000000
___rparam_used             (abs)        000001
___sp                      stack        000000
__accesstop                (abs)        000060
__activetblptr             (abs)        000002
__end_of_I2C2_Init         text11       000890
__end_of_I2C2_Send         text10       000878
__end_of_I2C2_Start        text9        0008B8
__end_of_I2C2_Stop         text8        0008A4
__end_of_IO_Expander_Write text7        00085E
__end_of_LCD_CMD           text5        000844
__end_of_LCD_Init          text4        0006CC
__end_of_LCD_Set_Cursor    text3        000736
__end_of_LCD_Write_4Bit    text6        0007F2
__end_of_LCD_Write_Char    text2        00082A
__end_of_LCD_Write_String  text1        00078C
__end_of__initialization   cinit        000806
__end_of_main              text0        0007D2
__initialization           cinit        0007F2
__mediumconst              mediumconst  000000
__pbssCOMRAM               bssCOMRAM    00000C
__pcinit                   cinit        0007F2
__pcstackCOMRAM            cstackCOMRAM 000001
__pdataCOMRAM              dataCOMRAM   00000D
__pidataCOMRAM             idataCOMRAM  0008B8
__pnvCOMRAM                nvCOMRAM     00000B
__psmallconst              smallconst   000600
__ptext0                   text0        00078C
__ptext1                   text1        000736
__ptext10                  text10       00085E
__ptext11                  text11       000878
__ptext2                   text2        000810
__ptext3                   text3        0006CC
__ptext4                   text4        00060E
__ptext5                   text5        00082A
__ptext6                   text6        0007D2
__ptext7                   text7        000844
__ptext8                   text8        000890
__ptext9                   text9        0008A4
__ramtop                   ramtop       000600
__smallconst               smallconst   000600
_i2c_add                   nvCOMRAM     00000B
_main                      text0        00078C
end_of_initialization      cinit        000806
intlevel0                  text         000000
intlevel1                  text         000000
intlevel2                  text         000000
intlevel3                  text         000000
isa$std                    (abs)        000001
isa$xinst                  (abs)        000000
stackhi                    (abs)        000000
stacklo                    (abs)        000000
start                      init         000000
start_initialization       cinit        0007F2


MODULE INFORMATION

Module		Function		Class		Link	Load	Size
i2c.c
		_I2C2_Init     		CODE           	0878	0000	24
		_I2C2_Send     		CODE           	085E	0000	26
		_I2C2_Stop     		CODE           	0890	0000	20
		_I2C2_Start    		CODE           	08A4	0000	20

i2c.c estimated size: 90

shared
		__initialization		CODE           	07F2	0000	20

shared estimated size: 20

main.c
		_LCD_Init      		CODE           	060E	0000	190
		_LCD_Write_4Bit		CODE           	07D2	0000	32
		_LCD_Write_Char		CODE           	0810	0000	26
		_LCD_CMD       		CODE           	082A	0000	26
		_main          		CODE           	078C	0000	70
		_LCD_Set_Cursor		CODE           	06CC	0000	106
		_IO_Expander_Write		CODE           	0844	0000	26
		_LCD_Write_String		CODE           	0736	0000	86

main.c estimated size: 562

