Microchip MPLAB XC8 Compiler V2.41

Linker command line:

-W-3 \
  --edf=C:\Program Files\Microchip\xc8\v2.41\pic\dat\20230208172133_en.msgs \
  -cn -h+dist/default/production\lcd_i2c.X.production.sym \
  --cmf=dist/default/production\lcd_i2c.X.production.cmf -z -Q18F25K22 \
  -oC:\Users\sudar\AppData\Local\Temp\xcAs270.\driver_tmp_3.o \
  --defsym=__MPLAB_BUILD=1 --fixupoverflow=error \
  -Mdist/default/production/lcd_i2c.X.production.map \
  --md=C:\Users\sudar\AppData\Local\Temp\xcAs270.\driver_tmp_0.dat -E1 \
  -ver=XC8 Compiler --acfsm=1493 -ACODE=00h-07FFFh -ACONST=00h-07FFFh \
  -ASMALLCONST=0600h-06FFhx122 -AMEDIUMCONST=0600h-07FFFh -ACOMRAM=01h-05Fh \
  -AABS1=00h-05FFh -ABIGRAM=01h-05FFh -ARAM=060h-0FFh,0100h-01FFhx5 \
  -ABANK0=060h-0FFh -ABANK1=0100h-01FFh -ABANK2=0200h-02FFh \
  -ABANK3=0300h-03FFh -ABANK4=0400h-04FFh -ABANK5=0500h-05FFh \
  -ASFR=0F38h-0F5Fh,0F60h-0FFFh -ABIGSFR=0F38h-0FFFh \
  -ACONFIG=0300000h-030000Dh -AIDLOC=0200000h-0200007h \
  -AEEDATA=0F00000h-0F000FFh -peeprom_data=EEDATA \
  -preset_vec=00h,intcode,intcodelo,powerup,init -pramtop=0600h \
  -psmallconst=SMALLCONST -pmediumconst=MEDIUMCONST -pconst=CONST \
  -AFARRAM=00h-00h \
  -prdata=COMRAM,nvrram=COMRAM,nvbit=COMRAM,rbss=COMRAM,rbit=COMRAM \
  -pfarbss=FARRAM,fardata=FARRAM,nvFARRAM=FARRAM \
  -pintsave_regs=BIGRAM,bigbss=BIGRAM,bigdata=BIGRAM -pbss=RAM \
  -pidata=CODE,irdata=CODE,ibigdata=CODE,ifardata=CODE -prparam=COMRAM \
  C:\Users\sudar\AppData\Local\Temp\xcAs270.\driver_tmp_9.o \
  dist/default/production\lcd_i2c.X.production.o 

Object code version is 3.11

Machine type is 18F25K22



                Name                               Link     Load   Length Selector   Space Scale
C:\Users\sudar\AppData\Local\Temp\xcAs270.\driver_tmp_9.o
                idloc                            200000   200000        8        0       5
                config                           300000   300000        E        0       4
                init                                  0        0        4        0       0
dist/default/production\lcd_i2c.X.production.o
                idloc                            200000   200000        8        0       5
                config                           300000   300000        E        0       4
                smallconst                          600      600        8      300       0
                text28                             163C     163C       10      AF8       0
                text27                             1508     1508       30      304       0
                text26                              F80      F80      152      304       0
                text25                             15C0     15C0       18      304       0
                text24                             165C     165C        8      AF8       0
                text23                             15A6     15A6       1A      304       0
                text22                             1618     1618       14      AF8       0
                text21                             1604     1604       14      AF8       0
                text20                             158C     158C       1A      304       0
                text19                             1538     1538       20      304       0
                text18                             1572     1572       1A      304       0
                text17                             1334     1334       6A      304       0
                text16                             1558     1558       1A      304       0
                text15                             139E     139E       64      304       0
                text14                             1664     1664        6      AF8       0
                text13                              608      608      440      304       0
                text12                             1284     1284       B0      304       0
                text11                             1654     1654        8      AF8       0
                text10                             162C     162C       10      AF8       0
                text9                              10D2     10D2       F6      304       0
                text8                              1402     1402       56      304       0
                text7                              164C     164C        8      AF8       0
                text6                              1458     1458       40      304       0
                text5                              166A     166A        2      AF8       0
                text4                              1498     1498       3A      304       0
                text3                               A48      A48      36C      304       0
                text2                              15F0     15F0       14      AF8       0
                text1                              11C8     11C8       BC      304       0
                text0                               DB4      DB4      1CC      304       0
                cstackCOMRAM                          1        1       1F        1       1
                dataCOMRAM                           20       20       17        1       1
                bssCOMRAM                            37       37        E        1       1
                cinit                              14D2     14D2       36      304       0
                nvCOMRAM                             45       45        1        1       1
                idataCOMRAM                        15D8     15D8       17      304       0

TOTAL           Name                               Link     Load   Length     Space
        CLASS   CODE           
                init                                  0        0        4         0
                text28                             163C     163C       10         0
                text27                             1508     1508       30         0
                text26                              F80      F80      152         0
                text25                             15C0     15C0       18         0
                text24                             165C     165C        8         0
                text23                             15A6     15A6       1A         0
                text22                             1618     1618       14         0
                text21                             1604     1604       14         0
                text20                             158C     158C       1A         0
                text19                             1538     1538       20         0
                text18                             1572     1572       1A         0
                text17                             1334     1334       6A         0
                text16                             1558     1558       1A         0
                text15                             139E     139E       64         0
                text14                             1664     1664        6         0
                text13                              608      608      440         0
                text12                             1284     1284       B0         0
                text11                             1654     1654        8         0
                text10                             162C     162C       10         0
                text9                              10D2     10D2       F6         0
                text8                              1402     1402       56         0
                text7                              164C     164C        8         0
                text6                              1458     1458       40         0
                text5                              166A     166A        2         0
                text4                              1498     1498       3A         0
                text3                               A48      A48      36C         0
                text2                              15F0     15F0       14         0
                text1                              11C8     11C8       BC         0
                text0                               DB4      DB4      1CC         0
                cinit                              14D2     14D2       36         0
                idataCOMRAM                        15D8     15D8       17         0

        CLASS   CONST          

        CLASS   SMALLCONST     
                smallconst                          600      600        8         0

        CLASS   MEDIUMCONST    

        CLASS   COMRAM         
                cstackCOMRAM                          1        1       1F         1
                dataCOMRAM                           20       20       17         1
                bssCOMRAM                            37       37        E         1
                nvCOMRAM                             45       45        1         1

        CLASS   ABS1           

        CLASS   BIGRAM         

        CLASS   RAM            

        CLASS   BANK0          

        CLASS   BANK1          

        CLASS   BANK2          

        CLASS   BANK3          

        CLASS   BANK4          

        CLASS   BANK5          

        CLASS   SFR            

        CLASS   BIGSFR         

        CLASS   CONFIG         
                config                           300000   300000        E         4

        CLASS   IDLOC          
                idloc                            200000   200000        8         5

        CLASS   EEDATA         

        CLASS   FARRAM         

        CLASS   HEAP           

        CLASS   STACK          



SEGMENTS        Name                           Load    Length   Top    Selector   Space  Class

                reset_vec                      000000  000004  000004         0       0  CODE    
                cstackCOMRAM                   000001  000045  000046         1       1  COMRAM  
                smallconst                     000600  000008  000608       300       0  SMALLCON
                text13                         000608  000FE7  0015EF       304       0  CODE    
                text2                          0015F0  00007C  00166C       AF8       0  CODE    


UNUSED ADDRESS RANGES

        Name                Unused          Largest block    Delta
        BANK0            000060-0000FF               A0
        BANK1            000100-0001FF              100
        BANK2            000200-0002FF              100
        BANK3            000300-0003FF              100
        BANK4            000400-0004FF              100
        BANK5            000500-0005FF              100
        BIGRAM           000046-0005FF              5BA
        BIGSFR           000F38-000FFF               C8
        CODE             000004-0005FF              5FC
                         0015EF-0015EF                1
                         00166C-007FFF             6994
        COMRAM           000046-00005F               1A
        CONST            000004-0005FF              5FC
                         0015EF-0015EF                1
                         00166C-007FFF             6994
        EEDATA           F00000-F000FF              100
        MEDIUMCONST      0015EF-0015EF                1
                         00166C-007FFF             6994
        RAM              000060-0005FF              100
        SFR              000F38-000FFF               28
        SMALLCONST       0015EF-0015EF                1
                         00166C-007FFF              100

                                  Symbol Table

?___awmod                         cstackCOMRAM 000001
?___lwmod                         cstackCOMRAM 000001
EEPROM_Mem_Initialise@eeprom_addr cstackCOMRAM 000008
EEPROM_Mem_Initialise@flag_addr   cstackCOMRAM 000007
EEPROM_Mem_Initialise@mem_check   cstackCOMRAM 000005
EEPROM_Read@address               cstackCOMRAM 000001
EEPROM_Write@address              cstackCOMRAM 000002
EEPROM_Write@data                 cstackCOMRAM 000001
I2C2_Send@BYTE                    cstackCOMRAM 000001
IO_Expander_Write@Data            cstackCOMRAM 000002
LCD_CMD@CMD                       cstackCOMRAM 000004
LCD_Init@I2C_Add                  cstackCOMRAM 000007
LCD_Set_Cursor@COL                cstackCOMRAM 000005
LCD_Set_Cursor@ROW                cstackCOMRAM 000008
LCD_Write_4Bit@Nibble             cstackCOMRAM 000003
LCD_Write_Char@Data               cstackCOMRAM 000004
LCD_Write_String@Str              cstackCOMRAM 000005
LCD_Write_String@i                cstackCOMRAM 000009
_ANSELBbits                       (abs)        000F39
_ANSELCbits                       (abs)        000F3A
_BackLight_State                  dataCOMRAM   000036
_DEL                              bssCOMRAM    000039
_EEADR                            (abs)        000FA9
_EECON1bits                       (abs)        000FA6
_EECON2                           (abs)        000FA7
_EEDATA                           (abs)        000FA8
_EEPROM_Mem_Initialise            text26       000F80
_EEPROM_Read                      text28       00163C
_EEPROM_Write                     text27       001508
_I2C2_Init                        text25       0015C0
_I2C2_Send                        text23       0015A6
_I2C2_Start                       text22       001618
_I2C2_Stop                        text21       001604
_INTCONbits                       (abs)        000FF2
_IO_Expander_Write                text20       00158C
_LATAbits                         (abs)        000F89
_LATCbits                         (abs)        000F8B
_LCD_CLR                          text10       00162C
_LCD_CMD                          text18       001572
_LCD_Init                         text9        0010D2
_LCD_Set_Cursor                   text17       001334
_LCD_Write_4Bit                   text19       001538
_LCD_Write_Char                   text16       001558
_LCD_Write_String                 text8        001402
_OSCCON                           (abs)        000FD3
_OSCTUNE                          (abs)        000F9B
_PIR2bits                         (abs)        000FA1
_PIR3bits                         (abs)        000FA4
_PORTB                            (abs)        000F81
_PORTCbits                        (abs)        000F82
_RS                               bssCOMRAM    000044
_SSP2ADD                          (abs)        000F6E
_SSP2BUF                          (abs)        000F6F
_SSP2CON1                         (abs)        000F6C
_SSP2CON2bits                     (abs)        000F6B
_SSP2STAT                         (abs)        000F6D
_TRISAbits                        (abs)        000F92
_TRISBbits                        (abs)        000F93
_TRISCbits                        (abs)        000F94
__HRAM                            (abs)        000000
__H__absolute__                   __absolute__ 000000
__Habs1                           abs1         000000
__Hbank0                          bank0        000000
__Hbank1                          bank1        000000
__Hbank2                          bank2        000000
__Hbank3                          bank3        000000
__Hbank4                          bank4        000000
__Hbank5                          bank5        000000
__Hbigbss                         bigbss       000000
__Hbigdata                        bigdata      000000
__Hbigram                         bigram       000000
__Hbigsfr                         bigsfr       000000
__Hbss                            bss          000000
__HbssCOMRAM                      bssCOMRAM    000000
__Hcinit                          cinit        000000
__Hclrtext                        clrtext      000000
__Hcomram                         comram       000000
__Hconfig                         config       30000E
__Hconst                          const        000000
__HcstackCOMRAM                   cstackCOMRAM 000000
__Hdata                           data         000000
__HdataCOMRAM                     dataCOMRAM   000000
__Heeprom_data                    eeprom_data  000000
__Hfarbss                         farbss       000000
__Hfardata                        fardata      000000
__Hheap                           heap         000000
__Hibigdata                       ibigdata     000000
__Hidata                          idata        000000
__HidataCOMRAM                    idataCOMRAM  000000
__Hidloc                          idloc        200008
__Hifardata                       ifardata     000000
__Hinit                           init         000004
__Hintcode                        intcode      000000
__Hintcode_body                   intcode_body 000000
__Hintcodelo                      intcodelo    000000
__Hintentry                       intentry     000000
__Hintret                         intret       000000
__Hintsave_regs                   intsave_regs 000000
__Hirdata                         irdata       000000
__Hmediumconst                    mediumconst  000000
__HnvCOMRAM                       nvCOMRAM     000000
__HnvFARRAM                       nvFARRAM     000000
__Hnvbit                          nvbit        000000
__Hnvrram                         nvrram       000000
__Hparam                          rparam       000000
__Hpowerup                        powerup      000000
__Hram                            ram          000000
__Hramtop                         ramtop       000600
__Hrbit                           rbit         000000
__Hrbss                           rbss         000000
__Hrdata                          rdata        000000
__Hreset_vec                      reset_vec    000000
__Hrparam                         rparam       000000
__Hsfr                            sfr          000000
__Hsmallconst                     smallconst   000608
__Hspace_0                        (abs)        00166C
__Hspace_1                        (abs)        000046
__Hspace_2                        (abs)        000000
__Hspace_4                        (abs)        60000E
__Hstack                          stack        000000
__Hstruct                         struct       000000
__Htemp                           temp         000000
__Htext                           text         000000
__Htext0                          text0        000000
__Htext1                          text1        000000
__Htext10                         text10       000000
__Htext11                         text11       000000
__Htext12                         text12       000000
__Htext13                         text13       000000
__Htext14                         text14       000000
__Htext15                         text15       000000
__Htext16                         text16       000000
__Htext17                         text17       000000
__Htext18                         text18       000000
__Htext19                         text19       000000
__Htext2                          text2        000000
__Htext20                         text20       000000
__Htext21                         text21       000000
__Htext22                         text22       000000
__Htext23                         text23       000000
__Htext24                         text24       000000
__Htext25                         text25       000000
__Htext26                         text26       000000
__Htext27                         text27       000000
__Htext28                         text28       000000
__Htext3                          text3        000000
__Htext4                          text4        000000
__Htext5                          text5        000000
__Htext6                          text6        000000
__Htext7                          text7        000000
__Htext8                          text8        000000
__Htext9                          text9        000000
__LRAM                            (abs)        000001
__L__absolute__                   __absolute__ 000000
__Labs1                           abs1         000000
__Lbank0                          bank0        000000
__Lbank1                          bank1        000000
__Lbank2                          bank2        000000
__Lbank3                          bank3        000000
__Lbank4                          bank4        000000
__Lbank5                          bank5        000000
__Lbigbss                         bigbss       000000
__Lbigdata                        bigdata      000000
__Lbigram                         bigram       000000
__Lbigsfr                         bigsfr       000000
__Lbss                            bss          000000
__LbssCOMRAM                      bssCOMRAM    000000
__Lcinit                          cinit        000000
__Lclrtext                        clrtext      000000
__Lcomram                         comram       000000
__Lconfig                         config       000000
__Lconst                          const        000000
__LcstackCOMRAM                   cstackCOMRAM 000000
__Ldata                           data         000000
__LdataCOMRAM                     dataCOMRAM   000000
__Leeprom_data                    eeprom_data  000000
__Lfarbss                         farbss       000000
__Lfardata                        fardata      000000
__Lheap                           heap         000000
__Libigdata                       ibigdata     000000
__Lidata                          idata        000000
__LidataCOMRAM                    idataCOMRAM  000000
__Lidloc                          idloc        000000
__Lifardata                       ifardata     000000
__Linit                           init         000000
__Lintcode                        intcode      000000
__Lintcode_body                   intcode_body 000000
__Lintcodelo                      intcodelo    000000
__Lintentry                       intentry     000000
__Lintret                         intret       000000
__Lintsave_regs                   intsave_regs 000000
__Lirdata                         irdata       000000
__Lmediumconst                    mediumconst  000000
__LnvCOMRAM                       nvCOMRAM     000000
__LnvFARRAM                       nvFARRAM     000000
__Lnvbit                          nvbit        000000
__Lnvrram                         nvrram       000000
__Lparam                          rparam       000000
__Lpowerup                        powerup      000000
__Lram                            ram          000000
__Lramtop                         ramtop       000600
__Lrbit                           rbit         000000
__Lrbss                           rbss         000000
__Lrdata                          rdata        000000
__Lreset_vec                      reset_vec    000000
__Lrparam                         rparam       000000
__Lsfr                            sfr          000000
__Lsmallconst                     smallconst   000600
__Lspace_0                        (abs)        000000
__Lspace_1                        (abs)        000000
__Lspace_2                        (abs)        000000
__Lspace_4                        (abs)        000000
__Lstack                          stack        000000
__Lstruct                         struct       000000
__Ltemp                           temp         000000
__Ltext                           text         000000
__Ltext0                          text0        000000
__Ltext1                          text1        000000
__Ltext10                         text10       000000
__Ltext11                         text11       000000
__Ltext12                         text12       000000
__Ltext13                         text13       000000
__Ltext14                         text14       000000
__Ltext15                         text15       000000
__Ltext16                         text16       000000
__Ltext17                         text17       000000
__Ltext18                         text18       000000
__Ltext19                         text19       000000
__Ltext2                          text2        000000
__Ltext20                         text20       000000
__Ltext21                         text21       000000
__Ltext22                         text22       000000
__Ltext23                         text23       000000
__Ltext24                         text24       000000
__Ltext25                         text25       000000
__Ltext26                         text26       000000
__Ltext27                         text27       000000
__Ltext28                         text28       000000
__Ltext3                          text3        000000
__Ltext4                          text4        000000
__Ltext5                          text5        000000
__Ltext6                          text6        000000
__Ltext7                          text7        000000
__Ltext8                          text8        000000
__Ltext9                          text9        000000
__S0                              (abs)        00166C
__S1                              (abs)        000046
__S4                              (abs)        000000
__S5                              (abs)        000000
___awmod                          text12       001284
___awmod@counter                  cstackCOMRAM 000005
___awmod@dividend                 cstackCOMRAM 000001
___awmod@divisor                  cstackCOMRAM 000003
___awmod@sign                     cstackCOMRAM 000006
___heap_hi                        (abs)        000000
___heap_lo                        (abs)        000000
___inthi_sp                       stack        000000
___intlo_sp                       stack        000000
___lwmod                          text15       00139E
___lwmod@counter                  cstackCOMRAM 000005
___lwmod@dividend                 cstackCOMRAM 000001
___lwmod@divisor                  cstackCOMRAM 000003
___param_bank                     (abs)        000000
___rparam_used                    (abs)        000001
___sp                             stack        000000
__accesstop                       (abs)        000060
__activetblptr                    (abs)        000002
__end_of_EEPROM_Mem_Initialise    text26       0010D2
__end_of_EEPROM_Read              text28       00164C
__end_of_EEPROM_Write             text27       001538
__end_of_I2C2_Init                text25       0015D8
__end_of_I2C2_Send                text23       0015C0
__end_of_I2C2_Start               text22       00162C
__end_of_I2C2_Stop                text21       001618
__end_of_IO_Expander_Write        text20       0015A6
__end_of_LCD_CLR                  text10       00163C
__end_of_LCD_CMD                  text18       00158C
__end_of_LCD_Init                 text9        0011C8
__end_of_LCD_Set_Cursor           text17       00139E
__end_of_LCD_Write_4Bit           text19       001558
__end_of_LCD_Write_Char           text16       001572
__end_of_LCD_Write_String         text8        001458
__end_of___awmod                  text12       001334
__end_of___lwmod                  text15       001402
__end_of__initialization          cinit        0014FE
__end_of_blue_led                 text24       001664
__end_of_display                  text13       000A48
__end_of_green_led                text11       00165C
__end_of_inttochar                text14       00166A
__end_of_lcd_print                text2        001604
__end_of_main                     text0        000F80
__end_of_red_led                  text7        001654
__end_of_seven_segment_config     text5        00166C
__end_of_startTimer               text3        000DB4
__end_of_startUpcounter           text1        001284
__end_of_stopMessage              text6        001498
__end_of_stopTimer                text4        0014D2
__initialization                  cinit        0014D2
__mediumconst                     mediumconst  000000
__pbssCOMRAM                      bssCOMRAM    000037
__pcinit                          cinit        0014D2
__pcstackCOMRAM                   cstackCOMRAM 000001
__pdataCOMRAM                     dataCOMRAM   000020
__pidataCOMRAM                    idataCOMRAM  0015D8
__pnvCOMRAM                       nvCOMRAM     000045
__psmallconst                     smallconst   000600
__ptext0                          text0        000DB4
__ptext1                          text1        0011C8
__ptext10                         text10       00162C
__ptext11                         text11       001654
__ptext12                         text12       001284
__ptext13                         text13       000608
__ptext14                         text14       001664
__ptext15                         text15       00139E
__ptext16                         text16       001558
__ptext17                         text17       001334
__ptext18                         text18       001572
__ptext19                         text19       001538
__ptext2                          text2        0015F0
__ptext20                         text20       00158C
__ptext21                         text21       001604
__ptext22                         text22       001618
__ptext23                         text23       0015A6
__ptext24                         text24       00165C
__ptext25                         text25       0015C0
__ptext26                         text26       000F80
__ptext27                         text27       001508
__ptext28                         text28       00163C
__ptext3                          text3        000A48
__ptext4                          text4        001498
__ptext5                          text5        00166A
__ptext6                          text6        001458
__ptext7                          text7        00164C
__ptext8                          text8        001402
__ptext9                          text9        0010D2
__ramtop                          ramtop       000600
__smallconst                      smallconst   000600
_blue_led                         text24       00165C
_display                          text13       000608
_display_function_count           bssCOMRAM    000037
_green_led                        text11       001654
_hour_first_digit                 bssCOMRAM    000041
_hour_second_digit                bssCOMRAM    00003F
_i2c_add                          nvCOMRAM     000045
_inttochar                        text14       001664
_lcd_print                        text2        0015F0
_main                             text0        000DB4
_minute_first_digit               bssCOMRAM    00003D
_minute_second_digit              bssCOMRAM    00003B
_red_led                          text7        00164C
_segment                          dataCOMRAM   00002B
_segmentCounter                   bssCOMRAM    000043
_segment_with_dot                 dataCOMRAM   000020
_seven_segment_config             text5        00166A
_startTimer                       text3        000A48
_startUpcounter                   text1        0011C8
_stopMessage                      text6        001458
_stopTimer                        text4        001498
display@buttonCounter             cstackCOMRAM 000009
display@hour_f_digit              cstackCOMRAM 00000F
display@hour_s_digit              cstackCOMRAM 000011
display@minute_f_digit            cstackCOMRAM 000013
display@minute_s_digit            cstackCOMRAM 000015
display@update                    cstackCOMRAM 00000B
end_of_initialization             cinit        0014FE
intlevel0                         text         000000
intlevel1                         text         000000
intlevel2                         text         000000
intlevel3                         text         000000
inttochar@digit                   cstackCOMRAM 000002
isa$std                           (abs)        000001
isa$xinst                         (abs)        000000
lcd_print@Data                    cstackCOMRAM 00000A
lcd_print@col                     cstackCOMRAM 000009
lcd_print@row                     cstackCOMRAM 00000B
main@isEditMode                   cstackCOMRAM 00001C
main@shiftCounter                 cstackCOMRAM 00001E
main@stop_flag                    cstackCOMRAM 00001A
stackhi                           (abs)        000000
stacklo                           (abs)        000000
start                             init         000000
startTimer@RESET                  cstackCOMRAM 000016
startTimer@hour_first_flag        cstackCOMRAM 00000E
startTimer@minute_first_flag      cstackCOMRAM 000010
startTimer@minute_second_flag     cstackCOMRAM 000012
startTimer@timeUp                 cstackCOMRAM 000014
startUpcounter@actualpos          cstackCOMRAM 00000F
startUpcounter@displaypos         cstackCOMRAM 000011
start_initialization              cinit        0014D2


MODULE INFORMATION

Module		Function		Class		Link	Load	Size
C:\Program Files\Microchip\xc8\v2.41\pic\sources\c99\common\awmod.c
		___awmod       		CODE           	1284	0000	176

C:\Program Files\Microchip\xc8\v2.41\pic\sources\c99\common\awmod.c estimated size: 176

i2c.c
		_I2C2_Init     		CODE           	15C0	0000	24
		_I2C2_Send     		CODE           	15A6	0000	26
		_I2C2_Stop     		CODE           	1604	0000	20
		_I2C2_Start    		CODE           	1618	0000	20

i2c.c estimated size: 90

shared
		__initialization		CODE           	14D2	0000	44

shared estimated size: 44

main.c
		_red_led       		CODE           	164C	0000	8
		_LCD_Init      		CODE           	10D2	0000	246
		_LCD_Write_4Bit		CODE           	1538	0000	32
		_LCD_Write_Char		CODE           	1558	0000	26
		_blue_led      		CODE           	165C	0000	8
		_display       		CODE           	0608	0000	1088
		_LCD_CMD       		CODE           	1572	0000	26
		_inttochar     		CODE           	1664	0000	6
		_EEPROM_Read   		CODE           	163C	0000	16
		_EEPROM_Write  		CODE           	1508	0000	48
		_main          		CODE           	0DB4	0000	460
		_startUpcounter		CODE           	11C8	0000	188
		_stopMessage   		CODE           	1458	0000	64
		_LCD_CLR       		CODE           	162C	0000	16
		_EEPROM_Mem_Initialise		CODE           	0F80	0000	338
		_LCD_Set_Cursor		CODE           	1334	0000	106
		_lcd_print     		CODE           	15F0	0000	20
		_green_led     		CODE           	1654	0000	8
		_IO_Expander_Write		CODE           	158C	0000	26
		_stopTimer     		CODE           	1498	0000	58
		_seven_segment_config		CODE           	166A	0000	2
		_startTimer    		CODE           	0A48	0000	876
		_LCD_Write_String		CODE           	1402	0000	86

main.c estimated size: 3752

C:\Program Files\Microchip\xc8\v2.41\pic\sources\c99\common\lwmod.c
		___lwmod       		CODE           	139E	0000	100

C:\Program Files\Microchip\xc8\v2.41\pic\sources\c99\common\lwmod.c estimated size: 100

